2026-09-27 07:33:01.127: [INFO] CurrentProfilePath: C:\Users\ACER\Desktop\Viscillate\viscillateApp\build\Debug\viscillateApp.exe.WebView2\EBWebView\Default
2026-09-27 07:33:01.127: [INFO] Profiles total count: 1
2026-09-27 07:33:01.127: [INFO] Profile: name=Profile 1 path=C:\Users\ACER\Desktop\Viscillate\viscillateApp\build\Debug\viscillateApp.exe.WebView2\EBWebView\Default lastActive=null
2026-09-27 07:33:01.127: [INFO] LastUsedProfileDir: C:\Users\ACER\Desktop\Viscillate\viscillateApp\build\Debug\viscillateApp.exe.WebView2\EBWebView\Default
2026-09-27 07:33:01.127: [INFO] OnDoneLoading sync enabled: 0
2026-09-27 07:33:01.127: [INFO] BookmarkModelLoaded, ids_reassigned: 0
2026-09-27 07:33:01.127: [INFO] BookmarksLoadDropped droppedNodes=0
2026-09-27 07:33:01.127: [INFO] BookmarksSnapshot Startup total=0 bar=0 other=0 mobile=0 showBar=0 showBarNTP=1
2026-09-27 07:33:35.780: [INFO] BookmarksSnapshot Shutdown total=0 bar=0 other=0 mobile=0 showBar=0 showBarNTP=1
2026-09-27 07:33:45.414: [INFO] CurrentProfilePath: C:\Users\ACER\Desktop\Viscillate\viscillateApp\build\Debug\viscillateApp.exe.WebView2\EBWebView\Default
2026-09-27 07:33:45.414: [INFO] Profiles total count: 1
2026-09-27 07:33:45.414: [INFO] Profile: name=Profile 1 path=C:\Users\ACER\Desktop\Viscillate\viscillateApp\build\Debug\viscillateApp.exe.WebView2\EBWebView\Default lastActive=null
2026-09-27 07:33:45.414: [INFO] LastUsedProfileDir: C:\Users\ACER\Desktop\Viscillate\viscillateApp\build\Debug\viscillateApp.exe.WebView2\EBWebView\Default
2026-09-27 07:33:45.414: [INFO] OnDoneLoading sync enabled: 0
2026-09-27 07:33:45.414: [INFO] BookmarkModelLoaded, ids_reassigned: 0
2026-09-27 07:33:45.414: [INFO] BookmarksLoadDropped droppedNodes=0
2026-09-27 07:33:45.414: [INFO] BookmarksSnapshot Startup total=0 bar=0 other=0 mobile=0 showBar=0 showBarNTP=1
2026-09-27 07:34:17.544: [INFO] BookmarksSnapshot Shutdown total=0 bar=0 other=0 mobile=0 showBar=0 showBarNTP=1
2026-09-27 07:34:29.416: [INFO] CurrentProfilePath: C:\Users\ACER\Desktop\Viscillate\viscillateApp\build\Debug\viscillateApp.exe.WebView2\EBWebView\Default
2026-09-27 07:34:29.416: [INFO] Profiles total count: 1
2026-09-27 07:34:29.416: [INFO] Profile: name=Profile 1 path=C:\Users\ACER\Desktop\Viscillate\viscillateApp\build\Debug\viscillateApp.exe.WebView2\EBWebView\Default lastActive=2026-09-27T07:34:09.316Z
2026-09-27 07:34:29.416: [INFO] LastUsedProfileDir: C:\Users\ACER\Desktop\Viscillate\viscillateApp\build\Debug\viscillateApp.exe.WebView2\EBWebView\Default
2026-09-27 07:34:29.416: [INFO] MostRecentlyActiveProfile: name=Profile 1 path=C:\Users\ACER\Desktop\Viscillate\viscillateApp\build\Debug\viscillateApp.exe.WebView2\EBWebView\Default lastActive=2026-09-27T07:34:09.316Z
2026-09-27 07:34:29.416: [INFO] OnDoneLoading sync enabled: 0
2026-09-27 07:34:29.416: [INFO] BookmarkModelLoaded, ids_reassigned: 0
2026-09-27 07:34:29.416: [INFO] BookmarksLoadDropped droppedNodes=0
2026-09-27 07:34:29.416: [INFO] BookmarksSnapshot Startup total=0 bar=0 other=0 mobile=0 showBar=0 showBarNTP=1
2026-09-27 07:35:01.530: [INFO] BookmarksSnapshot Shutdown total=0 bar=0 other=0 mobile=0 showBar=0 showBarNTP=1
2026-09-27 07:35:42.365: [INFO] CurrentProfilePath: C:\Users\ACER\Desktop\Viscillate\viscillateApp\build\Debug\viscillateApp.exe.WebView2\EBWebView\Default
2026-09-27 07:35:42.365: [INFO] Profiles total count: 1
2026-09-27 07:35:42.365: [INFO] Profile: name=Profile 1 path=C:\Users\ACER\Desktop\Viscillate\viscillateApp\build\Debug\viscillateApp.exe.WebView2\EBWebView\Default lastActive=2026-09-27T07:34:39.387Z
2026-09-27 07:35:42.365: [INFO] LastUsedProfileDir: C:\Users\ACER\Desktop\Viscillate\viscillateApp\build\Debug\viscillateApp.exe.WebView2\EBWebView\Default
2026-09-27 07:35:42.365: [INFO] MostRecentlyActiveProfile: name=Profile 1 path=C:\Users\ACER\Desktop\Viscillate\viscillateApp\build\Debug\viscillateApp.exe.WebView2\EBWebView\Default lastActive=2026-09-27T07:34:39.387Z
2026-09-27 07:35:42.365: [INFO] OnDoneLoading sync enabled: 0
2026-09-27 07:35:42.365: [INFO] BookmarkModelLoaded, ids_reassigned: 0
2026-09-27 07:35:42.365: [INFO] BookmarksLoadDropped droppedNodes=0
2026-09-27 07:35:42.365: [INFO] BookmarksSnapshot Startup total=0 bar=0 other=0 mobile=0 showBar=0 showBarNTP=1
2026-09-27 07:35:55.572: [INFO] BookmarksSnapshot Shutdown total=0 bar=0 other=0 mobile=0 showBar=0 showBarNTP=1
2026-09-27 07:36:06.425: [INFO] CurrentProfilePath: C:\Users\ACER\Desktop\Viscillate\viscillateApp\build\Debug\viscillateApp.exe.WebView2\EBWebView\Default
2026-09-27 07:36:06.425: [INFO] Profiles total count: 1
2026-09-27 07:36:06.426: [INFO] Profile: name=Profile 1 path=C:\Users\ACER\Desktop\Viscillate\viscillateApp\build\Debug\viscillateApp.exe.WebView2\EBWebView\Default lastActive=2026-09-27T07:34:39.387Z
2026-09-27 07:36:06.426: [INFO] LastUsedProfileDir: C:\Users\ACER\Desktop\Viscillate\viscillateApp\build\Debug\viscillateApp.exe.WebView2\EBWebView\Default
2026-09-27 07:36:06.426: [INFO] MostRecentlyActiveProfile: name=Profile 1 path=C:\Users\ACER\Desktop\Viscillate\viscillateApp\build\Debug\viscillateApp.exe.WebView2\EBWebView\Default lastActive=2026-09-27T07:34:39.387Z
2026-09-27 07:36:06.426: [INFO] OnDoneLoading sync enabled: 0
2026-09-27 07:36:06.426: [INFO] BookmarkModelLoaded, ids_reassigned: 0
2026-09-27 07:36:06.426: [INFO] BookmarksLoadDropped droppedNodes=0
2026-09-27 07:36:06.426: [INFO] BookmarksSnapshot Startup total=0 bar=0 other=0 mobile=0 showBar=0 showBarNTP=1
2026-09-27 07:36:21.207: [INFO] BookmarksSnapshot Shutdown total=0 bar=0 other=0 mobile=0 showBar=0 showBarNTP=1
2026-09-27 07:38:21.939: [INFO] CurrentProfilePath: C:\Users\ACER\Desktop\Viscillate\viscillateApp\build\Debug\viscillateApp.exe.WebView2\EBWebView\Default
2026-09-27 07:38:21.939: [INFO] Profiles total count: 1
2026-09-27 07:38:21.939: [INFO] Profile: name=Profile 1 path=C:\Users\ACER\Desktop\Viscillate\viscillateApp\build\Debug\viscillateApp.exe.WebView2\EBWebView\Default lastActive=2026-09-27T07:34:39.387Z
2026-09-27 07:38:21.939: [INFO] LastUsedProfileDir: C:\Users\ACER\Desktop\Viscillate\viscillateApp\build\Debug\viscillateApp.exe.WebView2\EBWebView\Default
2026-09-27 07:38:21.939: [INFO] MostRecentlyActiveProfile: name=Profile 1 path=C:\Users\ACER\Desktop\Viscillate\viscillateApp\build\Debug\viscillateApp.exe.WebView2\EBWebView\Default lastActive=2026-09-27T07:34:39.387Z
2026-09-27 07:38:21.939: [INFO] OnDoneLoading sync enabled: 0
2026-09-27 07:38:21.939: [INFO] BookmarkModelLoaded, ids_reassigned: 0
2026-09-27 07:38:21.939: [INFO] BookmarksLoadDropped droppedNodes=0
2026-09-27 07:38:21.939: [INFO] BookmarksSnapshot Startup total=0 bar=0 other=0 mobile=0 showBar=0 showBarNTP=1
2026-09-27 07:38:44.398: [INFO] BookmarksSnapshot Shutdown total=0 bar=0 other=0 mobile=0 showBar=0 showBarNTP=1
2026-09-27 08:32:55.274: [INFO] CurrentProfilePath: C:\Users\ACER\Desktop\Viscillate\viscillateApp\build\Debug\viscillateApp.exe.WebView2\EBWebView\Default
2026-09-27 08:32:55.274: [INFO] Profiles total count: 1
2026-09-27 08:32:55.275: [INFO] Profile: name=Profile 1 path=C:\Users\ACER\Desktop\Viscillate\viscillateApp\build\Debug\viscillateApp.exe.WebView2\EBWebView\Default lastActive=2026-09-27T07:34:39.387Z
2026-09-27 08:32:55.275: [INFO] LastUsedProfileDir: C:\Users\ACER\Desktop\Viscillate\viscillateApp\build\Debug\viscillateApp.exe.WebView2\EBWebView\Default
2026-09-27 08:32:55.275: [INFO] MostRecentlyActiveProfile: name=Profile 1 path=C:\Users\ACER\Desktop\Viscillate\viscillateApp\build\Debug\viscillateApp.exe.WebView2\EBWebView\Default lastActive=2026-09-27T07:34:39.387Z
2026-09-27 08:32:55.275: [INFO] OnDoneLoading sync enabled: 0
2026-09-27 08:32:55.275: [INFO] BookmarkModelLoaded, ids_reassigned: 0
2026-09-27 08:32:55.275: [INFO] BookmarksLoadDropped droppedNodes=0
2026-09-27 08:32:55.275: [INFO] BookmarksSnapshot Startup total=0 bar=0 other=0 mobile=0 showBar=0 showBarNTP=1
2026-09-27 08:32:59.428: [INFO] BookmarksSnapshot Shutdown total=0 bar=0 other=0 mobile=0 showBar=0 showBarNTP=1
2026-09-27 08:42:26.875: [INFO] CurrentProfilePath: C:\Users\ACER\Desktop\Viscillate\viscillateApp\build\Debug\viscillateApp.exe.WebView2\EBWebView\Default
2026-09-27 08:42:26.875: [INFO] Profiles total count: 1
2026-09-27 08:42:26.875: [INFO] Profile: name=Profile 1 path=C:\Users\ACER\Desktop\Viscillate\viscillateApp\build\Debug\viscillateApp.exe.WebView2\EBWebView\Default lastActive=2026-09-27T07:34:39.387Z
2026-09-27 08:42:26.875: [INFO] LastUsedProfileDir: C:\Users\ACER\Desktop\Viscillate\viscillateApp\build\Debug\viscillateApp.exe.WebView2\EBWebView\Default
2026-09-27 08:42:26.875: [INFO] MostRecentlyActiveProfile: name=Profile 1 path=C:\Users\ACER\Desktop\Viscillate\viscillateApp\build\Debug\viscillateApp.exe.WebView2\EBWebView\Default lastActive=2026-09-27T07:34:39.387Z
2026-09-27 08:42:26.875: [INFO] OnDoneLoading sync enabled: 0
2026-09-27 08:42:26.875: [INFO] BookmarkModelLoaded, ids_reassigned: 0
2026-09-27 08:42:26.875: [INFO] BookmarksLoadDropped droppedNodes=0
2026-09-27 08:42:26.875: [INFO] BookmarksSnapshot Startup total=0 bar=0 other=0 mobile=0 showBar=0 showBarNTP=1
2026-09-27 08:42:34.666: [INFO] BookmarksSnapshot Shutdown total=0 bar=0 other=0 mobile=0 showBar=0 showBarNTP=1
2026-09-27 08:42:40.897: [INFO] CurrentProfilePath: C:\Users\ACER\Desktop\Viscillate\viscillateApp\build\Debug\viscillateApp.exe.WebView2\EBWebView\Default
2026-09-27 08:42:40.897: [INFO] Profiles total count: 1
2026-09-27 08:42:40.897: [INFO] Profile: name=Profile 1 path=C:\Users\ACER\Desktop\Viscillate\viscillateApp\build\Debug\viscillateApp.exe.WebView2\EBWebView\Default lastActive=2026-09-27T07:34:39.387Z
2026-09-27 08:42:40.897: [INFO] LastUsedProfileDir: C:\Users\ACER\Desktop\Viscillate\viscillateApp\build\Debug\viscillateApp.exe.WebView2\EBWebView\Default
2026-09-27 08:42:40.897: [INFO] MostRecentlyActiveProfile: name=Profile 1 path=C:\Users\ACER\Desktop\Viscillate\viscillateApp\build\Debug\viscillateApp.exe.WebView2\EBWebView\Default lastActive=2026-09-27T07:34:39.387Z
2026-09-27 08:42:40.897: [INFO] OnDoneLoading sync enabled: 0
2026-09-27 08:42:40.897: [INFO] BookmarkModelLoaded, ids_reassigned: 0
2026-09-27 08:42:40.897: [INFO] BookmarksLoadDropped droppedNodes=0
2026-09-27 08:42:40.897: [INFO] BookmarksSnapshot Startup total=0 bar=0 other=0 mobile=0 showBar=0 showBarNTP=1
2026-09-27 08:43:23.890: [INFO] BookmarksSnapshot Shutdown total=0 bar=0 other=0 mobile=0 showBar=0 showBarNTP=1
2026-09-27 08:44:35.385: [INFO] CurrentProfilePath: C:\Users\ACER\Desktop\Viscillate\viscillateApp\build\Debug\viscillateApp.exe.WebView2\EBWebView\Default
2026-09-27 08:44:35.385: [INFO] Profiles total count: 1
2026-09-27 08:44:35.385: [INFO] Profile: name=Profile 1 path=C:\Users\ACER\Desktop\Viscillate\viscillateApp\build\Debug\viscillateApp.exe.WebView2\EBWebView\Default lastActive=2026-09-27T07:34:39.387Z
2026-09-27 08:44:35.385: [INFO] LastUsedProfileDir: C:\Users\ACER\Desktop\Viscillate\viscillateApp\build\Debug\viscillateApp.exe.WebView2\EBWebView\Default
2026-09-27 08:44:35.385: [INFO] MostRecentlyActiveProfile: name=Profile 1 path=C:\Users\ACER\Desktop\Viscillate\viscillateApp\build\Debug\viscillateApp.exe.WebView2\EBWebView\Default lastActive=2026-09-27T07:34:39.387Z
2026-09-27 08:44:35.385: [INFO] OnDoneLoading sync enabled: 0
2026-09-27 08:44:35.385: [INFO] BookmarkModelLoaded, ids_reassigned: 0
2026-09-27 08:44:35.385: [INFO] BookmarksLoadDropped droppedNodes=0
2026-09-27 08:44:35.385: [INFO] BookmarksSnapshot Startup total=0 bar=0 other=0 mobile=0 showBar=0 showBarNTP=1
2026-09-27 08:44:54.368: [INFO] BookmarksSnapshot Shutdown total=0 bar=0 other=0 mobile=0 showBar=0 showBarNTP=1
2026-09-27 08:46:04.745: [INFO] CurrentProfilePath: C:\Users\ACER\Desktop\Viscillate\viscillateApp\build\Debug\viscillateApp.exe.WebView2\EBWebView\Default
2026-09-27 08:46:04.745: [INFO] Profiles total count: 1
2026-09-27 08:46:04.745: [INFO] Profile: name=Profile 1 path=C:\Users\ACER\Desktop\Viscillate\viscillateApp\build\Debug\viscillateApp.exe.WebView2\EBWebView\Default lastActive=2026-09-27T07:34:39.387Z
2026-09-27 08:46:04.745: [INFO] LastUsedProfileDir: C:\Users\ACER\Desktop\Viscillate\viscillateApp\build\Debug\viscillateApp.exe.WebView2\EBWebView\Default
2026-09-27 08:46:04.745: [INFO] MostRecentlyActiveProfile: name=Profile 1 path=C:\Users\ACER\Desktop\Viscillate\viscillateApp\build\Debug\viscillateApp.exe.WebView2\EBWebView\Default lastActive=2026-09-27T07:34:39.387Z
2026-09-27 08:46:04.745: [INFO] OnDoneLoading sync enabled: 0
2026-09-27 08:46:04.745: [INFO] BookmarkModelLoaded, ids_reassigned: 0
2026-09-27 08:46:04.745: [INFO] BookmarksLoadDropped droppedNodes=0
2026-09-27 08:46:04.745: [INFO] BookmarksSnapshot Startup total=0 bar=0 other=0 mobile=0 showBar=0 showBarNTP=1
2026-09-27 08:46:33.310: [INFO] BookmarksSnapshot Shutdown total=0 bar=0 other=0 mobile=0 showBar=0 showBarNTP=1
2026-09-27 08:51:11.099: [INFO] CurrentProfilePath: C:\Users\ACER\Desktop\Viscillate\viscillateApp\build\Debug\viscillateApp.exe.WebView2\EBWebView\Default
2026-09-27 08:51:11.099: [INFO] Profiles total count: 1
2026-09-27 08:51:11.100: [INFO] Profile: name=Profile 1 path=C:\Users\ACER\Desktop\Viscillate\viscillateApp\build\Debug\viscillateApp.exe.WebView2\EBWebView\Default lastActive=2026-09-27T07:34:39.387Z
2026-09-27 08:51:11.100: [INFO] LastUsedProfileDir: C:\Users\ACER\Desktop\Viscillate\viscillateApp\build\Debug\viscillateApp.exe.WebView2\EBWebView\Default
2026-09-27 08:51:11.100: [INFO] MostRecentlyActiveProfile: name=Profile 1 path=C:\Users\ACER\Desktop\Viscillate\viscillateApp\build\Debug\viscillateApp.exe.WebView2\EBWebView\Default lastActive=2026-09-27T07:34:39.387Z
2026-09-27 08:51:11.100: [INFO] OnDoneLoading sync enabled: 0
2026-09-27 08:51:11.100: [INFO] BookmarkModelLoaded, ids_reassigned: 0
2026-09-27 08:51:11.100: [INFO] BookmarksLoadDropped droppedNodes=0
2026-09-27 08:51:11.100: [INFO] BookmarksSnapshot Startup total=0 bar=0 other=0 mobile=0 showBar=0 showBarNTP=1
2026-09-27 08:52:18.276: [INFO] BookmarksSnapshot Shutdown total=0 bar=0 other=0 mobile=0 showBar=0 showBarNTP=1
2026-09-27 08:53:19.547: [INFO] CurrentProfilePath: C:\Users\ACER\Desktop\Viscillate\viscillateApp\build\Debug\viscillateApp.exe.WebView2\EBWebView\Default
2026-09-27 08:53:19.547: [INFO] Profiles total count: 1
2026-09-27 08:53:19.547: [INFO] Profile: name=Profile 1 path=C:\Users\ACER\Desktop\Viscillate\viscillateApp\build\Debug\viscillateApp.exe.WebView2\EBWebView\Default lastActive=2026-09-27T07:34:39.387Z
2026-09-27 08:53:19.548: [INFO] LastUsedProfileDir: C:\Users\ACER\Desktop\Viscillate\viscillateApp\build\Debug\viscillateApp.exe.WebView2\EBWebView\Default
2026-09-27 08:53:19.548: [INFO] MostRecentlyActiveProfile: name=Profile 1 path=C:\Users\ACER\Desktop\Viscillate\viscillateApp\build\Debug\viscillateApp.exe.WebView2\EBWebView\Default lastActive=2026-09-27T07:34:39.387Z
2026-09-27 08:53:19.548: [INFO] OnDoneLoading sync enabled: 0
2026-09-27 08:53:19.548: [INFO] BookmarkModelLoaded, ids_reassigned: 0
2026-09-27 08:53:19.548: [INFO] BookmarksLoadDropped droppedNodes=0
2026-09-27 08:53:19.548: [INFO] BookmarksSnapshot Startup total=0 bar=0 other=0 mobile=0 showBar=0 showBarNTP=1
2026-09-27 08:53:27.012: [INFO] BookmarksSnapshot Shutdown total=0 bar=0 other=0 mobile=0 showBar=0 showBarNTP=1
2026-09-27 08:59:25.613: [INFO] CurrentProfilePath: C:\Users\ACER\Desktop\Viscillate\viscillateApp\build\Debug\viscillateApp.exe.WebView2\EBWebView\Default
2026-09-27 08:59:25.613: [INFO] Profiles total count: 1
2026-09-27 08:59:25.613: [INFO] Profile: name=Profile 1 path=C:\Users\ACER\Desktop\Viscillate\viscillateApp\build\Debug\viscillateApp.exe.WebView2\EBWebView\Default lastActive=2026-09-27T07:34:39.387Z
2026-09-27 08:59:25.613: [INFO] LastUsedProfileDir: C:\Users\ACER\Desktop\Viscillate\viscillateApp\build\Debug\viscillateApp.exe.WebView2\EBWebView\Default
2026-09-27 08:59:25.613: [INFO] MostRecentlyActiveProfile: name=Profile 1 path=C:\Users\ACER\Desktop\Viscillate\viscillateApp\build\Debug\viscillateApp.exe.WebView2\EBWebView\Default lastActive=2026-09-27T07:34:39.387Z
2026-09-27 08:59:25.613: [INFO] OnDoneLoading sync enabled: 0
2026-09-27 08:59:25.613: [INFO] BookmarkModelLoaded, ids_reassigned: 0
2026-09-27 08:59:25.613: [INFO] BookmarksLoadDropped droppedNodes=0
2026-09-27 08:59:25.613: [INFO] BookmarksSnapshot Startup total=0 bar=0 other=0 mobile=0 showBar=0 showBarNTP=1
2026-09-27 08:59:45.036: [INFO] BookmarksSnapshot Shutdown total=0 bar=0 other=0 mobile=0 showBar=0 showBarNTP=1
2026-09-27 09:23:04.011: [INFO] CurrentProfilePath: C:\Users\ACER\Desktop\Viscillate\viscillateApp\build\Debug\viscillateApp.exe.WebView2\EBWebView\Default
2026-09-27 09:23:04.011: [INFO] Profiles total count: 1
2026-09-27 09:23:04.011: [INFO] Profile: name=Profile 1 path=C:\Users\ACER\Desktop\Viscillate\viscillateApp\build\Debug\viscillateApp.exe.WebView2\EBWebView\Default lastActive=2026-09-27T07:34:39.387Z
2026-09-27 09:23:04.011: [INFO] LastUsedProfileDir: C:\Users\ACER\Desktop\Viscillate\viscillateApp\build\Debug\viscillateApp.exe.WebView2\EBWebView\Default
2026-09-27 09:23:04.011: [INFO] MostRecentlyActiveProfile: name=Profile 1 path=C:\Users\ACER\Desktop\Viscillate\viscillateApp\build\Debug\viscillateApp.exe.WebView2\EBWebView\Default lastActive=2026-09-27T07:34:39.387Z
2026-09-27 09:23:04.011: [INFO] OnDoneLoading sync enabled: 0
2026-09-27 09:23:04.011: [INFO] BookmarkModelLoaded, ids_reassigned: 0
2026-09-27 09:23:04.011: [INFO] BookmarksLoadDropped droppedNodes=0
2026-09-27 09:23:04.011: [INFO] BookmarksSnapshot Startup total=0 bar=0 other=0 mobile=0 showBar=0 showBarNTP=1
2026-09-27 09:23:15.857: [INFO] BookmarksSnapshot Shutdown total=0 bar=0 other=0 mobile=0 showBar=0 showBarNTP=1
2026-09-27 09:24:47.398: [INFO] CurrentProfilePath: C:\Users\ACER\Desktop\Viscillate\viscillateApp\build\Debug\viscillateApp.exe.WebView2\EBWebView\Default
2026-09-27 09:24:47.398: [INFO] Profiles total count: 1
2026-09-27 09:24:47.398: [INFO] Profile: name=Profile 1 path=C:\Users\ACER\Desktop\Viscillate\viscillateApp\build\Debug\viscillateApp.exe.WebView2\EBWebView\Default lastActive=2026-09-27T07:34:39.387Z
2026-09-27 09:24:47.398: [INFO] LastUsedProfileDir: C:\Users\ACER\Desktop\Viscillate\viscillateApp\build\Debug\viscillateApp.exe.WebView2\EBWebView\Default
2026-09-27 09:24:47.398: [INFO] MostRecentlyActiveProfile: name=Profile 1 path=C:\Users\ACER\Desktop\Viscillate\viscillateApp\build\Debug\viscillateApp.exe.WebView2\EBWebView\Default lastActive=2026-09-27T07:34:39.387Z
2026-09-27 09:24:47.398: [INFO] OnDoneLoading sync enabled: 0
2026-09-27 09:24:47.398: [INFO] BookmarkModelLoaded, ids_reassigned: 0
2026-09-27 09:24:47.398: [INFO] BookmarksLoadDropped droppedNodes=0
2026-09-27 09:24:47.398: [INFO] BookmarksSnapshot Startup total=0 bar=0 other=0 mobile=0 showBar=0 showBarNTP=1
2026-09-27 09:27:13.489: [INFO] BookmarksSnapshot Shutdown total=0 bar=0 other=0 mobile=0 showBar=0 showBarNTP=1
2026-09-27 09:28:06.458: [INFO] CurrentProfilePath: C:\Users\ACER\Desktop\Viscillate\viscillateApp\build\Debug\viscillateApp.exe.WebView2\EBWebView\Default
2026-09-27 09:28:06.458: [INFO] Profiles total count: 1
2026-09-27 09:28:06.458: [INFO] Profile: name=Profile 1 path=C:\Users\ACER\Desktop\Viscillate\viscillateApp\build\Debug\viscillateApp.exe.WebView2\EBWebView\Default lastActive=2026-09-27T07:34:39.387Z
2026-09-27 09:28:06.458: [INFO] LastUsedProfileDir: C:\Users\ACER\Desktop\Viscillate\viscillateApp\build\Debug\viscillateApp.exe.WebView2\EBWebView\Default
2026-09-27 09:28:06.458: [INFO] MostRecentlyActiveProfile: name=Profile 1 path=C:\Users\ACER\Desktop\Viscillate\viscillateApp\build\Debug\viscillateApp.exe.WebView2\EBWebView\Default lastActive=2026-09-27T07:34:39.387Z
2026-09-27 09:28:06.458: [INFO] OnDoneLoading sync enabled: 0
2026-09-27 09:28:06.458: [INFO] BookmarkModelLoaded, ids_reassigned: 0
2026-09-27 09:28:06.458: [INFO] BookmarksLoadDropped droppedNodes=0
2026-09-27 09:28:06.458: [INFO] BookmarksSnapshot Startup total=0 bar=0 other=0 mobile=0 showBar=0 showBarNTP=1
2026-09-27 09:33:02.117: [INFO] BookmarksSnapshot Shutdown total=0 bar=0 other=0 mobile=0 showBar=0 showBarNTP=1
2026-09-27 09:33:06.681: [INFO] CurrentProfilePath: C:\Users\ACER\Desktop\Viscillate\viscillateApp\build\Debug\viscillateApp.exe.WebView2\EBWebView\Default
2026-09-27 09:33:06.681: [INFO] Profiles total count: 1
2026-09-27 09:33:06.681: [INFO] Profile: name=Profile 1 path=C:\Users\ACER\Desktop\Viscillate\viscillateApp\build\Debug\viscillateApp.exe.WebView2\EBWebView\Default lastActive=2026-09-27T07:34:39.387Z
2026-09-27 09:33:06.681: [INFO] LastUsedProfileDir: C:\Users\ACER\Desktop\Viscillate\viscillateApp\build\Debug\viscillateApp.exe.WebView2\EBWebView\Default
2026-09-27 09:33:06.681: [INFO] MostRecentlyActiveProfile: name=Profile 1 path=C:\Users\ACER\Desktop\Viscillate\viscillateApp\build\Debug\viscillateApp.exe.WebView2\EBWebView\Default lastActive=2026-09-27T07:34:39.387Z
2026-09-27 09:33:06.681: [INFO] OnDoneLoading sync enabled: 0
2026-09-27 09:33:06.681: [INFO] BookmarkModelLoaded, ids_reassigned: 0
2026-09-27 09:33:06.681: [INFO] BookmarksLoadDropped droppedNodes=0
2026-09-27 09:33:06.681: [INFO] BookmarksSnapshot Startup total=0 bar=0 other=0 mobile=0 showBar=0 showBarNTP=1
2026-09-27 09:33:12.934: [INFO] BookmarksSnapshot Shutdown total=0 bar=0 other=0 mobile=0 showBar=0 showBarNTP=1
2026-09-27 09:36:42.200: [INFO] CurrentProfilePath: C:\Users\ACER\Desktop\Viscillate\viscillateApp\build\Debug\viscillateApp.exe.WebView2\EBWebView\Default
2026-09-27 09:36:42.200: [INFO] Profiles total count: 1
2026-09-27 09:36:42.200: [INFO] Profile: name=Profile 1 path=C:\Users\ACER\Desktop\Viscillate\viscillateApp\build\Debug\viscillateApp.exe.WebView2\EBWebView\Default lastActive=2026-09-27T07:34:39.387Z
2026-09-27 09:36:42.200: [INFO] LastUsedProfileDir: C:\Users\ACER\Desktop\Viscillate\viscillateApp\build\Debug\viscillateApp.exe.WebView2\EBWebView\Default
2026-09-27 09:36:42.200: [INFO] MostRecentlyActiveProfile: name=Profile 1 path=C:\Users\ACER\Desktop\Viscillate\viscillateApp\build\Debug\viscillateApp.exe.WebView2\EBWebView\Default lastActive=2026-09-27T07:34:39.387Z
2026-09-27 09:36:42.200: [INFO] OnDoneLoading sync enabled: 0
2026-09-27 09:36:42.200: [INFO] BookmarkModelLoaded, ids_reassigned: 0
2026-09-27 09:36:42.200: [INFO] BookmarksLoadDropped droppedNodes=0
2026-09-27 09:36:42.200: [INFO] BookmarksSnapshot Startup total=0 bar=0 other=0 mobile=0 showBar=0 showBarNTP=1
2026-09-27 09:36:47.289: [INFO] BookmarksSnapshot Shutdown total=0 bar=0 other=0 mobile=0 showBar=0 showBarNTP=1
2026-09-27 09:37:50.283: [INFO] CurrentProfilePath: C:\Users\ACER\Desktop\Viscillate\viscillateApp\build\Debug\viscillateApp.exe.WebView2\EBWebView\Default
2026-09-27 09:37:50.283: [INFO] Profiles total count: 1
2026-09-27 09:37:50.284: [INFO] Profile: name=Profile 1 path=C:\Users\ACER\Desktop\Viscillate\viscillateApp\build\Debug\viscillateApp.exe.WebView2\EBWebView\Default lastActive=2026-09-27T07:34:39.387Z
2026-09-27 09:37:50.284: [INFO] LastUsedProfileDir: C:\Users\ACER\Desktop\Viscillate\viscillateApp\build\Debug\viscillateApp.exe.WebView2\EBWebView\Default
2026-09-27 09:37:50.284: [INFO] MostRecentlyActiveProfile: name=Profile 1 path=C:\Users\ACER\Desktop\Viscillate\viscillateApp\build\Debug\viscillateApp.exe.WebView2\EBWebView\Default lastActive=2026-09-27T07:34:39.387Z
2026-09-27 09:37:50.284: [INFO] OnDoneLoading sync enabled: 0
2026-09-27 09:37:50.284: [INFO] BookmarkModelLoaded, ids_reassigned: 0
2026-09-27 09:37:50.284: [INFO] BookmarksLoadDropped droppedNodes=0
2026-09-27 09:37:50.284: [INFO] BookmarksSnapshot Startup total=0 bar=0 other=0 mobile=0 showBar=0 showBarNTP=1
2026-09-27 09:38:19.437: [INFO] BookmarksSnapshot Shutdown total=0 bar=0 other=0 mobile=0 showBar=0 showBarNTP=1
2026-09-27 09:39:03.537: [INFO] CurrentProfilePath: C:\Users\ACER\Desktop\Viscillate\viscillateApp\build\Debug\viscillateApp.exe.WebView2\EBWebView\Default
2026-09-27 09:39:03.537: [INFO] Profiles total count: 1
2026-09-27 09:39:03.537: [INFO] Profile: name=Profile 1 path=C:\Users\ACER\Desktop\Viscillate\viscillateApp\build\Debug\viscillateApp.exe.WebView2\EBWebView\Default lastActive=2026-09-27T07:34:39.387Z
2026-09-27 09:39:03.537: [INFO] LastUsedProfileDir: C:\Users\ACER\Desktop\Viscillate\viscillateApp\build\Debug\viscillateApp.exe.WebView2\EBWebView\Default
2026-09-27 09:39:03.537: [INFO] MostRecentlyActiveProfile: name=Profile 1 path=C:\Users\ACER\Desktop\Viscillate\viscillateApp\build\Debug\viscillateApp.exe.WebView2\EBWebView\Default lastActive=2026-09-27T07:34:39.387Z
2026-09-27 09:39:03.537: [INFO] OnDoneLoading sync enabled: 0
2026-09-27 09:39:03.537: [INFO] BookmarkModelLoaded, ids_reassigned: 0
2026-09-27 09:39:03.537: [INFO] BookmarksLoadDropped droppedNodes=0
2026-09-27 09:39:03.537: [INFO] BookmarksSnapshot Startup total=0 bar=0 other=0 mobile=0 showBar=0 showBarNTP=1
2026-09-27 09:39:25.189: [INFO] BookmarksSnapshot Shutdown total=0 bar=0 other=0 mobile=0 showBar=0 showBarNTP=1
2026-09-27 12:16:40.370: [INFO] CurrentProfilePath: C:\Users\ACER\Desktop\Viscillate\viscillateApp\build\Debug\viscillateApp.exe.WebView2\EBWebView\Default
2026-09-27 12:16:40.370: [INFO] Profiles total count: 1
2026-09-27 12:16:40.370: [INFO] Profile: name=Profile 1 path=C:\Users\ACER\Desktop\Viscillate\viscillateApp\build\Debug\viscillateApp.exe.WebView2\EBWebView\Default lastActive=2026-09-27T07:34:39.387Z
2026-09-27 12:16:40.370: [INFO] LastUsedProfileDir: C:\Users\ACER\Desktop\Viscillate\viscillateApp\build\Debug\viscillateApp.exe.WebView2\EBWebView\Default
2026-09-27 12:16:40.370: [INFO] MostRecentlyActiveProfile: name=Profile 1 path=C:\Users\ACER\Desktop\Viscillate\viscillateApp\build\Debug\viscillateApp.exe.WebView2\EBWebView\Default lastActive=2026-09-27T07:34:39.387Z
2026-09-27 12:16:40.370: [INFO] OnDoneLoading sync enabled: 0
2026-09-27 12:16:40.370: [INFO] BookmarkModelLoaded, ids_reassigned: 0
2026-09-27 12:16:40.370: [INFO] BookmarksLoadDropped droppedNodes=0
2026-09-27 12:16:40.370: [INFO] BookmarksSnapshot Startup total=0 bar=0 other=0 mobile=0 showBar=0 showBarNTP=1
2026-09-27 12:17:18.656: [INFO] BookmarksSnapshot Shutdown total=0 bar=0 other=0 mobile=0 showBar=0 showBarNTP=1
2026-09-27 12:45:39.647: [INFO] CurrentProfilePath: C:\Users\ACER\Desktop\Viscillate\viscillateApp\build\Debug\viscillateApp.exe.WebView2\EBWebView\Default
2026-09-27 12:45:39.647: [INFO] Profiles total count: 1
2026-09-27 12:45:39.647: [INFO] Profile: name=Profile 1 path=C:\Users\ACER\Desktop\Viscillate\viscillateApp\build\Debug\viscillateApp.exe.WebView2\EBWebView\Default lastActive=2026-09-27T07:34:39.387Z
2026-09-27 12:45:39.647: [INFO] LastUsedProfileDir: C:\Users\ACER\Desktop\Viscillate\viscillateApp\build\Debug\viscillateApp.exe.WebView2\EBWebView\Default
2026-09-27 12:45:39.647: [INFO] MostRecentlyActiveProfile: name=Profile 1 path=C:\Users\ACER\Desktop\Viscillate\viscillateApp\build\Debug\viscillateApp.exe.WebView2\EBWebView\Default lastActive=2026-09-27T07:34:39.387Z
2026-09-27 12:45:39.647: [INFO] OnDoneLoading sync enabled: 0
2026-09-27 12:45:39.647: [INFO] BookmarkModelLoaded, ids_reassigned: 0
2026-09-27 12:45:39.647: [INFO] BookmarksLoadDropped droppedNodes=0
2026-09-27 12:45:39.647: [INFO] BookmarksSnapshot Startup total=0 bar=0 other=0 mobile=0 showBar=0 showBarNTP=1
2026-09-27 12:47:01.056: [INFO] BookmarksSnapshot Shutdown total=0 bar=0 other=0 mobile=0 showBar=0 showBarNTP=1
2026-09-27 13:15:48.950: [INFO] CurrentProfilePath: C:\Users\ACER\Desktop\Viscillate\viscillateApp\build\Debug\viscillateApp.exe.WebView2\EBWebView\Default
2026-09-27 13:15:48.951: [INFO] Profiles total count: 1
2026-09-27 13:15:48.951: [INFO] Profile: name=Profile 1 path=C:\Users\ACER\Desktop\Viscillate\viscillateApp\build\Debug\viscillateApp.exe.WebView2\EBWebView\Default lastActive=2026-09-27T07:34:39.387Z
2026-09-27 13:15:48.951: [INFO] LastUsedProfileDir: C:\Users\ACER\Desktop\Viscillate\viscillateApp\build\Debug\viscillateApp.exe.WebView2\EBWebView\Default
2026-09-27 13:15:48.951: [INFO] MostRecentlyActiveProfile: name=Profile 1 path=C:\Users\ACER\Desktop\Viscillate\viscillateApp\build\Debug\viscillateApp.exe.WebView2\EBWebView\Default lastActive=2026-09-27T07:34:39.387Z
2026-09-27 13:15:48.951: [INFO] OnDoneLoading sync enabled: 0
2026-09-27 13:15:48.951: [INFO] BookmarkModelLoaded, ids_reassigned: 0
2026-09-27 13:15:48.951: [INFO] BookmarksLoadDropped droppedNodes=0
2026-09-27 13:15:48.951: [INFO] BookmarksSnapshot Startup total=0 bar=0 other=0 mobile=0 showBar=0 showBarNTP=1
2026-09-27 13:15:57.117: [INFO] BookmarksSnapshot Shutdown total=0 bar=0 other=0 mobile=0 showBar=0 showBarNTP=1
2026-09-27 13:21:08.914: [INFO] CurrentProfilePath: C:\Users\ACER\Desktop\Viscillate\viscillateApp\build\Debug\viscillateApp.exe.WebView2\EBWebView\Default
2026-09-27 13:21:08.915: [INFO] Profiles total count: 1
2026-09-27 13:21:08.915: [INFO] Profile: name=Profile 1 path=C:\Users\ACER\Desktop\Viscillate\viscillateApp\build\Debug\viscillateApp.exe.WebView2\EBWebView\Default lastActive=2026-09-27T07:34:39.387Z
2026-09-27 13:21:08.915: [INFO] LastUsedProfileDir: C:\Users\ACER\Desktop\Viscillate\viscillateApp\build\Debug\viscillateApp.exe.WebView2\EBWebView\Default
2026-09-27 13:21:08.915: [INFO] MostRecentlyActiveProfile: name=Profile 1 path=C:\Users\ACER\Desktop\Viscillate\viscillateApp\build\Debug\viscillateApp.exe.WebView2\EBWebView\Default lastActive=2026-09-27T07:34:39.387Z
2026-09-27 13:21:08.915: [INFO] OnDoneLoading sync enabled: 0
2026-09-27 13:21:08.915: [INFO] BookmarkModelLoaded, ids_reassigned: 0
2026-09-27 13:21:08.915: [INFO] BookmarksLoadDropped droppedNodes=0
2026-09-27 13:21:08.915: [INFO] BookmarksSnapshot Startup total=0 bar=0 other=0 mobile=0 showBar=0 showBarNTP=1
2026-09-27 13:22:13.058: [INFO] BookmarksSnapshot Shutdown total=0 bar=0 other=0 mobile=0 showBar=0 showBarNTP=1
2026-09-27 13:22:20.225: [INFO] CurrentProfilePath: C:\Users\ACER\Desktop\Viscillate\viscillateApp\build\Debug\viscillateApp.exe.WebView2\EBWebView\Default
2026-09-27 13:22:20.225: [INFO] Profiles total count: 1
2026-09-27 13:22:20.225: [INFO] Profile: name=Profile 1 path=C:\Users\ACER\Desktop\Viscillate\viscillateApp\build\Debug\viscillateApp.exe.WebView2\EBWebView\Default lastActive=2026-09-27T07:34:39.387Z
2026-09-27 13:22:20.225: [INFO] LastUsedProfileDir: C:\Users\ACER\Desktop\Viscillate\viscillateApp\build\Debug\viscillateApp.exe.WebView2\EBWebView\Default
2026-09-27 13:22:20.225: [INFO] MostRecentlyActiveProfile: name=Profile 1 path=C:\Users\ACER\Desktop\Viscillate\viscillateApp\build\Debug\viscillateApp.exe.WebView2\EBWebView\Default lastActive=2026-09-27T07:34:39.387Z
2026-09-27 13:22:20.225: [INFO] OnDoneLoading sync enabled: 0
2026-09-27 13:22:20.225: [INFO] BookmarkModelLoaded, ids_reassigned: 0
2026-09-27 13:22:20.225: [INFO] BookmarksLoadDropped droppedNodes=0
2026-09-27 13:22:20.225: [INFO] BookmarksSnapshot Startup total=0 bar=0 other=0 mobile=0 showBar=0 showBarNTP=1
2026-09-27 13:22:24.782: [INFO] BookmarksSnapshot Shutdown total=0 bar=0 other=0 mobile=0 showBar=0 showBarNTP=1
2026-09-27 13:23:00.237: [INFO] CurrentProfilePath: C:\Users\ACER\Desktop\Viscillate\viscillateApp\build\Debug\viscillateApp.exe.WebView2\EBWebView\Default
2026-09-27 13:23:00.237: [INFO] Profiles total count: 1
2026-09-27 13:23:00.237: [INFO] Profile: name=Profile 1 path=C:\Users\ACER\Desktop\Viscillate\viscillateApp\build\Debug\viscillateApp.exe.WebView2\EBWebView\Default lastActive=2026-09-27T07:34:39.387Z
2026-09-27 13:23:00.238: [INFO] LastUsedProfileDir: C:\Users\ACER\Desktop\Viscillate\viscillateApp\build\Debug\viscillateApp.exe.WebView2\EBWebView\Default
2026-09-27 13:23:00.238: [INFO] MostRecentlyActiveProfile: name=Profile 1 path=C:\Users\ACER\Desktop\Viscillate\viscillateApp\build\Debug\viscillateApp.exe.WebView2\EBWebView\Default lastActive=2026-09-27T07:34:39.387Z
2026-09-27 13:23:00.238: [INFO] OnDoneLoading sync enabled: 0
2026-09-27 13:23:00.238: [INFO] BookmarkModelLoaded, ids_reassigned: 0
2026-09-27 13:23:00.238: [INFO] BookmarksLoadDropped droppedNodes=0
2026-09-27 13:23:00.238: [INFO] BookmarksSnapshot Startup total=0 bar=0 other=0 mobile=0 showBar=0 showBarNTP=1
2026-09-27 13:23:48.059: [INFO] BookmarksSnapshot Shutdown total=0 bar=0 other=0 mobile=0 showBar=0 showBarNTP=1
2026-09-27 13:24:14.160: [INFO] CurrentProfilePath: C:\Users\ACER\Desktop\Viscillate\viscillateApp\build\Debug\viscillateApp.exe.WebView2\EBWebView\Default
2026-09-27 13:24:14.160: [INFO] Profiles total count: 1
2026-09-27 13:24:14.160: [INFO] Profile: name=Profile 1 path=C:\Users\ACER\Desktop\Viscillate\viscillateApp\build\Debug\viscillateApp.exe.WebView2\EBWebView\Default lastActive=2026-09-27T07:34:39.387Z
2026-09-27 13:24:14.160: [INFO] LastUsedProfileDir: C:\Users\ACER\Desktop\Viscillate\viscillateApp\build\Debug\viscillateApp.exe.WebView2\EBWebView\Default
2026-09-27 13:24:14.160: [INFO] MostRecentlyActiveProfile: name=Profile 1 path=C:\Users\ACER\Desktop\Viscillate\viscillateApp\build\Debug\viscillateApp.exe.WebView2\EBWebView\Default lastActive=2026-09-27T07:34:39.387Z
2026-09-27 13:24:14.160: [INFO] OnDoneLoading sync enabled: 0
2026-09-27 13:24:14.160: [INFO] BookmarkModelLoaded, ids_reassigned: 0
2026-09-27 13:24:14.160: [INFO] BookmarksLoadDropped droppedNodes=0
2026-09-27 13:24:14.160: [INFO] BookmarksSnapshot Startup total=0 bar=0 other=0 mobile=0 showBar=0 showBarNTP=1
2026-09-27 13:25:21.824: [INFO] BookmarksSnapshot Shutdown total=0 bar=0 other=0 mobile=0 showBar=0 showBarNTP=1
2026-09-27 17:59:12.891: [INFO] CurrentProfilePath: C:\Users\ACER\Desktop\Viscillate\viscillateApp\build\Debug\viscillateApp.exe.WebView2\EBWebView\Default
2026-09-27 17:59:12.891: [INFO] Profiles total count: 1
2026-09-27 17:59:12.891: [INFO] Profile: name=Profile 1 path=C:\Users\ACER\Desktop\Viscillate\viscillateApp\build\Debug\viscillateApp.exe.WebView2\EBWebView\Default lastActive=2026-09-27T07:34:39.387Z
2026-09-27 17:59:12.891: [INFO] LastUsedProfileDir: C:\Users\ACER\Desktop\Viscillate\viscillateApp\build\Debug\viscillateApp.exe.WebView2\EBWebView\Default
2026-09-27 17:59:12.891: [INFO] MostRecentlyActiveProfile: name=Profile 1 path=C:\Users\ACER\Desktop\Viscillate\viscillateApp\build\Debug\viscillateApp.exe.WebView2\EBWebView\Default lastActive=2026-09-27T07:34:39.387Z
2026-09-27 17:59:12.891: [INFO] OnDoneLoading sync enabled: 0
2026-09-27 17:59:12.891: [INFO] BookmarkModelLoaded, ids_reassigned: 0
2026-09-27 17:59:12.891: [INFO] BookmarksLoadDropped droppedNodes=0
2026-09-27 17:59:12.891: [INFO] BookmarksSnapshot Startup total=0 bar=0 other=0 mobile=0 showBar=0 showBarNTP=1
2026-09-27 17:59:36.548: [INFO] BookmarksSnapshot Shutdown total=0 bar=0 other=0 mobile=0 showBar=0 showBarNTP=1
2026-09-27 18:50:29.189: [INFO] CurrentProfilePath: C:\Users\ACER\Desktop\Viscillate\viscillateApp\build\Debug\viscillateApp.exe.WebView2\EBWebView\Default
2026-09-27 18:50:29.189: [INFO] Profiles total count: 1
2026-09-27 18:50:29.189: [INFO] Profile: name=Profile 1 path=C:\Users\ACER\Desktop\Viscillate\viscillateApp\build\Debug\viscillateApp.exe.WebView2\EBWebView\Default lastActive=2026-09-27T07:34:39.387Z
2026-09-27 18:50:29.189: [INFO] LastUsedProfileDir: C:\Users\ACER\Desktop\Viscillate\viscillateApp\build\Debug\viscillateApp.exe.WebView2\EBWebView\Default
2026-09-27 18:50:29.189: [INFO] MostRecentlyActiveProfile: name=Profile 1 path=C:\Users\ACER\Desktop\Viscillate\viscillateApp\build\Debug\viscillateApp.exe.WebView2\EBWebView\Default lastActive=2026-09-27T07:34:39.387Z
2026-09-27 18:50:29.189: [INFO] OnDoneLoading sync enabled: 0
2026-09-27 18:50:29.189: [INFO] BookmarkModelLoaded, ids_reassigned: 0
2026-09-27 18:50:29.189: [INFO] BookmarksLoadDropped droppedNodes=0
2026-09-27 18:50:29.189: [INFO] BookmarksSnapshot Startup total=0 bar=0 other=0 mobile=0 showBar=0 showBarNTP=1
2026-09-27 18:51:24.011: [INFO] BookmarksSnapshot Shutdown total=0 bar=0 other=0 mobile=0 showBar=0 showBarNTP=1
2026-09-27 18:52:36.526: [INFO] CurrentProfilePath: C:\Users\ACER\Desktop\Viscillate\viscillateApp\build\Debug\viscillateApp.exe.WebView2\EBWebView\Default
2026-09-27 18:52:36.526: [INFO] Profiles total count: 1
2026-09-27 18:52:36.526: [INFO] Profile: name=Profile 1 path=C:\Users\ACER\Desktop\Viscillate\viscillateApp\build\Debug\viscillateApp.exe.WebView2\EBWebView\Default lastActive=2026-09-27T18:51:08.562Z
2026-09-27 18:52:36.526: [INFO] LastUsedProfileDir: C:\Users\ACER\Desktop\Viscillate\viscillateApp\build\Debug\viscillateApp.exe.WebView2\EBWebView\Default
2026-09-27 18:52:36.526: [INFO] MostRecentlyActiveProfile: name=Profile 1 path=C:\Users\ACER\Desktop\Viscillate\viscillateApp\build\Debug\viscillateApp.exe.WebView2\EBWebView\Default lastActive=2026-09-27T18:51:08.562Z
2026-09-27 18:52:36.526: [INFO] OnDoneLoading sync enabled: 0
2026-09-27 18:52:36.526: [INFO] BookmarkModelLoaded, ids_reassigned: 0
2026-09-27 18:52:36.526: [INFO] BookmarksLoadDropped droppedNodes=0
2026-09-27 18:52:36.526: [INFO] BookmarksSnapshot Startup total=0 bar=0 other=0 mobile=0 showBar=0 showBarNTP=1
2026-09-27 18:53:40.087: [INFO] BookmarksSnapshot Shutdown total=0 bar=0 other=0 mobile=0 showBar=0 showBarNTP=1
2026-09-27 18:53:45.263: [INFO] CurrentProfilePath: C:\Users\ACER\Desktop\Viscillate\viscillateApp\build\Debug\viscillateApp.exe.WebView2\EBWebView\Default
2026-09-27 18:53:45.263: [INFO] Profiles total count: 1
2026-09-27 18:53:45.263: [INFO] Profile: name=Profile 1 path=C:\Users\ACER\Desktop\Viscillate\viscillateApp\build\Debug\viscillateApp.exe.WebView2\EBWebView\Default lastActive=2026-09-27T18:51:08.562Z
2026-09-27 18:53:45.263: [INFO] LastUsedProfileDir: C:\Users\ACER\Desktop\Viscillate\viscillateApp\build\Debug\viscillateApp.exe.WebView2\EBWebView\Default
2026-09-27 18:53:45.263: [INFO] MostRecentlyActiveProfile: name=Profile 1 path=C:\Users\ACER\Desktop\Viscillate\viscillateApp\build\Debug\viscillateApp.exe.WebView2\EBWebView\Default lastActive=2026-09-27T18:51:08.562Z
2026-09-27 18:53:45.263: [INFO] OnDoneLoading sync enabled: 0
2026-09-27 18:53:45.263: [INFO] BookmarkModelLoaded, ids_reassigned: 0
2026-09-27 18:53:45.263: [INFO] BookmarksLoadDropped droppedNodes=0
2026-09-27 18:53:45.263: [INFO] BookmarksSnapshot Startup total=0 bar=0 other=0 mobile=0 showBar=0 showBarNTP=1
2026-09-27 18:53:49.847: [INFO] BookmarksSnapshot Shutdown total=0 bar=0 other=0 mobile=0 showBar=0 showBarNTP=1
2026-09-27 18:54:37.621: [INFO] CurrentProfilePath: C:\Users\ACER\Desktop\Viscillate\viscillateApp\build\Debug\viscillateApp.exe.WebView2\EBWebView\Default
2026-09-27 18:54:37.621: [INFO] Profiles total count: 1
2026-09-27 18:54:37.621: [INFO] Profile: name=Profile 1 path=C:\Users\ACER\Desktop\Viscillate\viscillateApp\build\Debug\viscillateApp.exe.WebView2\EBWebView\Default lastActive=2026-09-27T18:51:08.562Z
2026-09-27 18:54:37.621: [INFO] LastUsedProfileDir: C:\Users\ACER\Desktop\Viscillate\viscillateApp\build\Debug\viscillateApp.exe.WebView2\EBWebView\Default
2026-09-27 18:54:37.621: [INFO] MostRecentlyActiveProfile: name=Profile 1 path=C:\Users\ACER\Desktop\Viscillate\viscillateApp\build\Debug\viscillateApp.exe.WebView2\EBWebView\Default lastActive=2026-09-27T18:51:08.562Z
2026-09-27 18:54:37.621: [INFO] OnDoneLoading sync enabled: 0
2026-09-27 18:54:37.621: [INFO] BookmarkModelLoaded, ids_reassigned: 0
2026-09-27 18:54:37.621: [INFO] BookmarksLoadDropped droppedNodes=0
2026-09-27 18:54:37.621: [INFO] BookmarksSnapshot Startup total=0 bar=0 other=0 mobile=0 showBar=0 showBarNTP=1
2026-09-27 18:54:44.954: [INFO] BookmarksSnapshot Shutdown total=0 bar=0 other=0 mobile=0 showBar=0 showBarNTP=1
2026-09-27 19:00:22.908: [INFO] CurrentProfilePath: C:\Users\ACER\Desktop\Viscillate\viscillateApp\build\Debug\viscillateApp.exe.WebView2\EBWebView\Default
2026-09-27 19:00:22.908: [INFO] Profiles total count: 1
2026-09-27 19:00:22.908: [INFO] Profile: name=Profile 1 path=C:\Users\ACER\Desktop\Viscillate\viscillateApp\build\Debug\viscillateApp.exe.WebView2\EBWebView\Default lastActive=2026-09-27T18:51:08.562Z
2026-09-27 19:00:22.908: [INFO] LastUsedProfileDir: C:\Users\ACER\Desktop\Viscillate\viscillateApp\build\Debug\viscillateApp.exe.WebView2\EBWebView\Default
2026-09-27 19:00:22.908: [INFO] MostRecentlyActiveProfile: name=Profile 1 path=C:\Users\ACER\Desktop\Viscillate\viscillateApp\build\Debug\viscillateApp.exe.WebView2\EBWebView\Default lastActive=2026-09-27T18:51:08.562Z
2026-09-27 19:00:22.908: [INFO] OnDoneLoading sync enabled: 0
2026-09-27 19:00:22.908: [INFO] BookmarkModelLoaded, ids_reassigned: 0
2026-09-27 19:00:22.908: [INFO] BookmarksLoadDropped droppedNodes=0
2026-09-27 19:00:22.908: [INFO] BookmarksSnapshot Startup total=0 bar=0 other=0 mobile=0 showBar=0 showBarNTP=1
2026-09-27 19:00:56.301: [INFO] BookmarksSnapshot Shutdown total=0 bar=0 other=0 mobile=0 showBar=0 showBarNTP=1
2026-09-27 19:01:02.073: [INFO] CurrentProfilePath: C:\Users\ACER\Desktop\Viscillate\viscillateApp\build\Debug\viscillateApp.exe.WebView2\EBWebView\Default
2026-09-27 19:01:02.073: [INFO] Profiles total count: 1
2026-09-27 19:01:02.073: [INFO] Profile: name=Profile 1 path=C:\Users\ACER\Desktop\Viscillate\viscillateApp\build\Debug\viscillateApp.exe.WebView2\EBWebView\Default lastActive=2026-09-27T19:00:37.173Z
2026-09-27 19:01:02.073: [INFO] LastUsedProfileDir: C:\Users\ACER\Desktop\Viscillate\viscillateApp\build\Debug\viscillateApp.exe.WebView2\EBWebView\Default
2026-09-27 19:01:02.073: [INFO] MostRecentlyActiveProfile: name=Profile 1 path=C:\Users\ACER\Desktop\Viscillate\viscillateApp\build\Debug\viscillateApp.exe.WebView2\EBWebView\Default lastActive=2026-09-27T19:00:37.173Z
2026-09-27 19:01:02.073: [INFO] OnDoneLoading sync enabled: 0
2026-09-27 19:01:02.073: [INFO] BookmarkModelLoaded, ids_reassigned: 0
2026-09-27 19:01:02.073: [INFO] BookmarksLoadDropped droppedNodes=0
2026-09-27 19:01:02.073: [INFO] BookmarksSnapshot Startup total=0 bar=0 other=0 mobile=0 showBar=0 showBarNTP=1
2026-09-27 19:01:07.179: [INFO] BookmarksSnapshot Shutdown total=0 bar=0 other=0 mobile=0 showBar=0 showBarNTP=1
2026-09-27 19:01:33.798: [INFO] CurrentProfilePath: C:\Users\ACER\Desktop\Viscillate\viscillateApp\build\Debug\viscillateApp.exe.WebView2\EBWebView\Default
2026-09-27 19:01:33.798: [INFO] Profiles total count: 1
2026-09-27 19:01:33.798: [INFO] Profile: name=Profile 1 path=C:\Users\ACER\Desktop\Viscillate\viscillateApp\build\Debug\viscillateApp.exe.WebView2\EBWebView\Default lastActive=2026-09-27T19:00:37.173Z
2026-09-27 19:01:33.798: [INFO] LastUsedProfileDir: C:\Users\ACER\Desktop\Viscillate\viscillateApp\build\Debug\viscillateApp.exe.WebView2\EBWebView\Default
2026-09-27 19:01:33.798: [INFO] MostRecentlyActiveProfile: name=Profile 1 path=C:\Users\ACER\Desktop\Viscillate\viscillateApp\build\Debug\viscillateApp.exe.WebView2\EBWebView\Default lastActive=2026-09-27T19:00:37.173Z
2026-09-27 19:01:33.798: [INFO] OnDoneLoading sync enabled: 0
2026-09-27 19:01:33.798: [INFO] BookmarkModelLoaded, ids_reassigned: 0
2026-09-27 19:01:33.798: [INFO] BookmarksLoadDropped droppedNodes=0
2026-09-27 19:01:33.798: [INFO] BookmarksSnapshot Startup total=0 bar=0 other=0 mobile=0 showBar=0 showBarNTP=1
2026-09-27 19:02:13.895: [INFO] BookmarksSnapshot Shutdown total=0 bar=0 other=0 mobile=0 showBar=0 showBarNTP=1
2026-09-27 19:03:31.477: [INFO] CurrentProfilePath: C:\Users\ACER\Desktop\Viscillate\viscillateApp\build\Debug\viscillateApp.exe.WebView2\EBWebView\Default
2026-09-27 19:03:31.477: [INFO] Profiles total count: 1
2026-09-27 19:03:31.477: [INFO] Profile: name=Profile 1 path=C:\Users\ACER\Desktop\Viscillate\viscillateApp\build\Debug\viscillateApp.exe.WebView2\EBWebView\Default lastActive=2026-09-27T19:00:37.173Z
2026-09-27 19:03:31.477: [INFO] LastUsedProfileDir: C:\Users\ACER\Desktop\Viscillate\viscillateApp\build\Debug\viscillateApp.exe.WebView2\EBWebView\Default
2026-09-27 19:03:31.477: [INFO] MostRecentlyActiveProfile: name=Profile 1 path=C:\Users\ACER\Desktop\Viscillate\viscillateApp\build\Debug\viscillateApp.exe.WebView2\EBWebView\Default lastActive=2026-09-27T19:00:37.173Z
2026-09-27 19:03:31.477: [INFO] OnDoneLoading sync enabled: 0
2026-09-27 19:03:31.477: [INFO] BookmarkModelLoaded, ids_reassigned: 0
2026-09-27 19:03:31.477: [INFO] BookmarksLoadDropped droppedNodes=0
2026-09-27 19:03:31.477: [INFO] BookmarksSnapshot Startup total=0 bar=0 other=0 mobile=0 showBar=0 showBarNTP=1
2026-09-27 19:03:37.686: [INFO] BookmarksSnapshot Shutdown total=0 bar=0 other=0 mobile=0 showBar=0 showBarNTP=1
2026-09-27 19:03:46.377: [INFO] CurrentProfilePath: C:\Users\ACER\Desktop\Viscillate\viscillateApp\build\Debug\viscillateApp.exe.WebView2\EBWebView\Default
2026-09-27 19:03:46.377: [INFO] Profiles total count: 1
2026-09-27 19:03:46.378: [INFO] Profile: name=Profile 1 path=C:\Users\ACER\Desktop\Viscillate\viscillateApp\build\Debug\viscillateApp.exe.WebView2\EBWebView\Default lastActive=2026-09-27T19:00:37.173Z
2026-09-27 19:03:46.378: [INFO] LastUsedProfileDir: C:\Users\ACER\Desktop\Viscillate\viscillateApp\build\Debug\viscillateApp.exe.WebView2\EBWebView\Default
2026-09-27 19:03:46.378: [INFO] MostRecentlyActiveProfile: name=Profile 1 path=C:\Users\ACER\Desktop\Viscillate\viscillateApp\build\Debug\viscillateApp.exe.WebView2\EBWebView\Default lastActive=2026-09-27T19:00:37.173Z
2026-09-27 19:03:46.378: [INFO] OnDoneLoading sync enabled: 0
2026-09-27 19:03:46.378: [INFO] BookmarkModelLoaded, ids_reassigned: 0
2026-09-27 19:03:46.378: [INFO] BookmarksLoadDropped droppedNodes=0
2026-09-27 19:03:46.378: [INFO] BookmarksSnapshot Startup total=0 bar=0 other=0 mobile=0 showBar=0 showBarNTP=1
2026-09-27 19:04:47.990: [INFO] BookmarksSnapshot Shutdown total=0 bar=0 other=0 mobile=0 showBar=0 showBarNTP=1
2026-09-27 19:04:51.350: [INFO] CurrentProfilePath: C:\Users\ACER\Desktop\Viscillate\viscillateApp\build\Debug\viscillateApp.exe.WebView2\EBWebView\Default
2026-09-27 19:04:51.350: [INFO] Profiles total count: 1
2026-09-27 19:04:51.350: [INFO] Profile: name=Profile 1 path=C:\Users\ACER\Desktop\Viscillate\viscillateApp\build\Debug\viscillateApp.exe.WebView2\EBWebView\Default lastActive=2026-09-27T19:03:52.135Z
2026-09-27 19:04:51.350: [INFO] LastUsedProfileDir: C:\Users\ACER\Desktop\Viscillate\viscillateApp\build\Debug\viscillateApp.exe.WebView2\EBWebView\Default
2026-09-27 19:04:51.350: [INFO] MostRecentlyActiveProfile: name=Profile 1 path=C:\Users\ACER\Desktop\Viscillate\viscillateApp\build\Debug\viscillateApp.exe.WebView2\EBWebView\Default lastActive=2026-09-27T19:03:52.135Z
2026-09-27 19:04:51.350: [INFO] OnDoneLoading sync enabled: 0
2026-09-27 19:04:51.350: [INFO] BookmarkModelLoaded, ids_reassigned: 0
2026-09-27 19:04:51.350: [INFO] BookmarksLoadDropped droppedNodes=0
2026-09-27 19:04:51.350: [INFO] BookmarksSnapshot Startup total=0 bar=0 other=0 mobile=0 showBar=0 showBarNTP=1
2026-09-27 19:05:02.370: [INFO] BookmarksSnapshot Shutdown total=0 bar=0 other=0 mobile=0 showBar=0 showBarNTP=1
2026-09-27 19:07:18.966: [INFO] CurrentProfilePath: C:\Users\ACER\Desktop\Viscillate\viscillateApp\build\Debug\viscillateApp.exe.WebView2\EBWebView\Default
2026-09-27 19:07:18.966: [INFO] Profiles total count: 1
2026-09-27 19:07:18.966: [INFO] Profile: name=Profile 1 path=C:\Users\ACER\Desktop\Viscillate\viscillateApp\build\Debug\viscillateApp.exe.WebView2\EBWebView\Default lastActive=2026-09-27T19:05:02.292Z
2026-09-27 19:07:18.966: [INFO] LastUsedProfileDir: C:\Users\ACER\Desktop\Viscillate\viscillateApp\build\Debug\viscillateApp.exe.WebView2\EBWebView\Default
2026-09-27 19:07:18.966: [INFO] MostRecentlyActiveProfile: name=Profile 1 path=C:\Users\ACER\Desktop\Viscillate\viscillateApp\build\Debug\viscillateApp.exe.WebView2\EBWebView\Default lastActive=2026-09-27T19:05:02.292Z
2026-09-27 19:07:18.966: [INFO] OnDoneLoading sync enabled: 0
2026-09-27 19:07:18.966: [INFO] BookmarkModelLoaded, ids_reassigned: 0
2026-09-27 19:07:18.966: [INFO] BookmarksLoadDropped droppedNodes=0
2026-09-27 19:07:18.966: [INFO] BookmarksSnapshot Startup total=0 bar=0 other=0 mobile=0 showBar=0 showBarNTP=1
2026-09-27 19:08:32.433: [INFO] BookmarksSnapshot Shutdown total=0 bar=0 other=0 mobile=0 showBar=0 showBarNTP=1
2026-09-27 19:08:37.086: [INFO] CurrentProfilePath: C:\Users\ACER\Desktop\Viscillate\viscillateApp\build\Debug\viscillateApp.exe.WebView2\EBWebView\Default
2026-09-27 19:08:37.086: [INFO] Profiles total count: 1
2026-09-27 19:08:37.086: [INFO] Profile: name=Profile 1 path=C:\Users\ACER\Desktop\Viscillate\viscillateApp\build\Debug\viscillateApp.exe.WebView2\EBWebView\Default lastActive=2026-09-27T19:08:03.349Z
2026-09-27 19:08:37.086: [INFO] LastUsedProfileDir: C:\Users\ACER\Desktop\Viscillate\viscillateApp\build\Debug\viscillateApp.exe.WebView2\EBWebView\Default
2026-09-27 19:08:37.086: [INFO] MostRecentlyActiveProfile: name=Profile 1 path=C:\Users\ACER\Desktop\Viscillate\viscillateApp\build\Debug\viscillateApp.exe.WebView2\EBWebView\Default lastActive=2026-09-27T19:08:03.349Z
2026-09-27 19:08:37.086: [INFO] OnDoneLoading sync enabled: 0
2026-09-27 19:08:37.086: [INFO] BookmarkModelLoaded, ids_reassigned: 0
2026-09-27 19:08:37.086: [INFO] BookmarksLoadDropped droppedNodes=0
2026-09-27 19:08:37.086: [INFO] BookmarksSnapshot Startup total=0 bar=0 other=0 mobile=0 showBar=0 showBarNTP=1
2026-09-27 19:09:54.880: [INFO] BookmarksSnapshot Shutdown total=0 bar=0 other=0 mobile=0 showBar=0 showBarNTP=1
2026-09-28 13:14:48.477: [INFO] CurrentProfilePath: C:\Users\ACER\Desktop\Viscillate\viscillateApp\build\Debug\viscillateApp.exe.WebView2\EBWebView\Default
2026-09-28 13:14:48.477: [INFO] Profiles total count: 1
2026-09-28 13:14:48.477: [INFO] Profile: name=Profile 1 path=C:\Users\ACER\Desktop\Viscillate\viscillateApp\build\Debug\viscillateApp.exe.WebView2\EBWebView\Default lastActive=2026-09-27T19:09:18.061Z
2026-09-28 13:14:48.477: [INFO] LastUsedProfileDir: C:\Users\ACER\Desktop\Viscillate\viscillateApp\build\Debug\viscillateApp.exe.WebView2\EBWebView\Default
2026-09-28 13:14:48.477: [INFO] MostRecentlyActiveProfile: name=Profile 1 path=C:\Users\ACER\Desktop\Viscillate\viscillateApp\build\Debug\viscillateApp.exe.WebView2\EBWebView\Default lastActive=2026-09-27T19:09:18.061Z
2026-09-28 13:14:48.477: [INFO] OnDoneLoading sync enabled: 0
2026-09-28 13:14:48.477: [INFO] BookmarkModelLoaded, ids_reassigned: 0
2026-09-28 13:14:48.477: [INFO] BookmarksLoadDropped droppedNodes=0
2026-09-28 13:14:48.477: [INFO] BookmarksSnapshot Startup total=0 bar=0 other=0 mobile=0 showBar=0 showBarNTP=1
2026-09-28 13:16:53.007: [INFO] BookmarksSnapshot Shutdown total=0 bar=0 other=0 mobile=0 showBar=0 showBarNTP=1
2026-09-28 13:19:08.924: [INFO] CurrentProfilePath: C:\Users\ACER\Desktop\Viscillate\viscillateApp\build\Debug\viscillateApp.exe.WebView2\EBWebView\Default
2026-09-28 13:19:08.924: [INFO] Profiles total count: 1
2026-09-28 13:19:08.925: [INFO] Profile: name=Profile 1 path=C:\Users\ACER\Desktop\Viscillate\viscillateApp\build\Debug\viscillateApp.exe.WebView2\EBWebView\Default lastActive=2026-09-28T13:16:34.211Z
2026-09-28 13:19:08.925: [INFO] LastUsedProfileDir: C:\Users\ACER\Desktop\Viscillate\viscillateApp\build\Debug\viscillateApp.exe.WebView2\EBWebView\Default
2026-09-28 13:19:08.925: [INFO] MostRecentlyActiveProfile: name=Profile 1 path=C:\Users\ACER\Desktop\Viscillate\viscillateApp\build\Debug\viscillateApp.exe.WebView2\EBWebView\Default lastActive=2026-09-28T13:16:34.211Z
2026-09-28 13:19:08.925: [INFO] OnDoneLoading sync enabled: 0
2026-09-28 13:19:08.925: [INFO] BookmarkModelLoaded, ids_reassigned: 0
2026-09-28 13:19:08.925: [INFO] BookmarksLoadDropped droppedNodes=0
2026-09-28 13:19:08.925: [INFO] BookmarksSnapshot Startup total=0 bar=0 other=0 mobile=0 showBar=0 showBarNTP=1
2026-09-28 13:19:30.941: [INFO] BookmarksSnapshot Shutdown total=0 bar=0 other=0 mobile=0 showBar=0 showBarNTP=1
2026-09-28 13:24:20.737: [INFO] CurrentProfilePath: C:\Users\ACER\Desktop\Viscillate\viscillateApp\build\Debug\viscillateApp.exe.WebView2\EBWebView\Default
2026-09-28 13:24:20.737: [INFO] Profiles total count: 1
2026-09-28 13:24:20.737: [INFO] Profile: name=Profile 1 path=C:\Users\ACER\Desktop\Viscillate\viscillateApp\build\Debug\viscillateApp.exe.WebView2\EBWebView\Default lastActive=2026-09-28T13:19:21.362Z
2026-09-28 13:24:20.737: [INFO] LastUsedProfileDir: C:\Users\ACER\Desktop\Viscillate\viscillateApp\build\Debug\viscillateApp.exe.WebView2\EBWebView\Default
2026-09-28 13:24:20.737: [INFO] MostRecentlyActiveProfile: name=Profile 1 path=C:\Users\ACER\Desktop\Viscillate\viscillateApp\build\Debug\viscillateApp.exe.WebView2\EBWebView\Default lastActive=2026-09-28T13:19:21.362Z
2026-09-28 13:24:20.737: [INFO] OnDoneLoading sync enabled: 0
2026-09-28 13:24:20.737: [INFO] BookmarkModelLoaded, ids_reassigned: 0
2026-09-28 13:24:20.737: [INFO] BookmarksLoadDropped droppedNodes=0
2026-09-28 13:24:20.737: [INFO] BookmarksSnapshot Startup total=0 bar=0 other=0 mobile=0 showBar=0 showBarNTP=1
2026-09-28 13:24:40.605: [INFO] BookmarksSnapshot Shutdown total=0 bar=0 other=0 mobile=0 showBar=0 showBarNTP=1
2026-09-28 13:27:37.666: [INFO] CurrentProfilePath: C:\Users\ACER\Desktop\Viscillate\viscillateApp\build\Debug\viscillateApp.exe.WebView2\EBWebView\Default
2026-09-28 13:27:37.666: [INFO] Profiles total count: 1
2026-09-28 13:27:37.666: [INFO] Profile: name=Profile 1 path=C:\Users\ACER\Desktop\Viscillate\viscillateApp\build\Debug\viscillateApp.exe.WebView2\EBWebView\Default lastActive=2026-09-28T13:19:21.362Z
2026-09-28 13:27:37.666: [INFO] LastUsedProfileDir: C:\Users\ACER\Desktop\Viscillate\viscillateApp\build\Debug\viscillateApp.exe.WebView2\EBWebView\Default
2026-09-28 13:27:37.666: [INFO] MostRecentlyActiveProfile: name=Profile 1 path=C:\Users\ACER\Desktop\Viscillate\viscillateApp\build\Debug\viscillateApp.exe.WebView2\EBWebView\Default lastActive=2026-09-28T13:19:21.362Z
2026-09-28 13:27:37.666: [INFO] OnDoneLoading sync enabled: 0
2026-09-28 13:27:37.666: [INFO] BookmarkModelLoaded, ids_reassigned: 0
2026-09-28 13:27:37.666: [INFO] BookmarksLoadDropped droppedNodes=0
2026-09-28 13:27:37.666: [INFO] BookmarksSnapshot Startup total=0 bar=0 other=0 mobile=0 showBar=0 showBarNTP=1
2026-09-28 13:27:42.818: [INFO] BookmarksSnapshot Shutdown total=0 bar=0 other=0 mobile=0 showBar=0 showBarNTP=1
2026-09-28 16:04:51.213: [INFO] CurrentProfilePath: C:\Users\ACER\Desktop\Viscillate\viscillateApp\build\Debug\viscillateApp.exe.WebView2\EBWebView\Default
2026-09-28 16:04:51.213: [INFO] Profiles total count: 1
2026-09-28 16:04:51.213: [INFO] Profile: name=Profile 1 path=C:\Users\ACER\Desktop\Viscillate\viscillateApp\build\Debug\viscillateApp.exe.WebView2\EBWebView\Default lastActive=2026-09-28T13:19:21.362Z
2026-09-28 16:04:51.213: [INFO] LastUsedProfileDir: C:\Users\ACER\Desktop\Viscillate\viscillateApp\build\Debug\viscillateApp.exe.WebView2\EBWebView\Default
2026-09-28 16:04:51.213: [INFO] MostRecentlyActiveProfile: name=Profile 1 path=C:\Users\ACER\Desktop\Viscillate\viscillateApp\build\Debug\viscillateApp.exe.WebView2\EBWebView\Default lastActive=2026-09-28T13:19:21.362Z
2026-09-28 16:04:51.213: [INFO] OnDoneLoading sync enabled: 0
2026-09-28 16:04:51.214: [INFO] BookmarkModelLoaded, ids_reassigned: 0
2026-09-28 16:04:51.214: [INFO] BookmarksLoadDropped droppedNodes=0
2026-09-28 16:04:51.214: [INFO] BookmarksSnapshot Startup total=0 bar=0 other=0 mobile=0 showBar=0 showBarNTP=1
2026-09-28 16:05:25.834: [INFO] BookmarksSnapshot Shutdown total=0 bar=0 other=0 mobile=0 showBar=0 showBarNTP=1
2026-09-28 16:14:37.108: [INFO] CurrentProfilePath: C:\Users\ACER\Desktop\Viscillate\viscillateApp\build\Debug\viscillateApp.exe.WebView2\EBWebView\Default
2026-09-28 16:14:37.108: [INFO] Profiles total count: 1
2026-09-28 16:14:37.108: [INFO] Profile: name=Profile 1 path=C:\Users\ACER\Desktop\Viscillate\viscillateApp\build\Debug\viscillateApp.exe.WebView2\EBWebView\Default lastActive=2026-09-28T16:04:54.992Z
2026-09-28 16:14:37.108: [INFO] LastUsedProfileDir: C:\Users\ACER\Desktop\Viscillate\viscillateApp\build\Debug\viscillateApp.exe.WebView2\EBWebView\Default
2026-09-28 16:14:37.108: [INFO] MostRecentlyActiveProfile: name=Profile 1 path=C:\Users\ACER\Desktop\Viscillate\viscillateApp\build\Debug\viscillateApp.exe.WebView2\EBWebView\Default lastActive=2026-09-28T16:04:54.992Z
2026-09-28 16:14:37.108: [INFO] OnDoneLoading sync enabled: 0
2026-09-28 16:14:37.108: [INFO] BookmarkModelLoaded, ids_reassigned: 0
2026-09-28 16:14:37.108: [INFO] BookmarksLoadDropped droppedNodes=0
2026-09-28 16:14:37.108: [INFO] BookmarksSnapshot Startup total=0 bar=0 other=0 mobile=0 showBar=0 showBarNTP=1
2026-09-28 16:14:53.287: [INFO] BookmarksSnapshot Shutdown total=0 bar=0 other=0 mobile=0 showBar=0 showBarNTP=1
2026-09-28 16:15:15.653: [INFO] CurrentProfilePath: C:\Users\ACER\Desktop\Viscillate\viscillateApp\build\Debug\viscillateApp.exe.WebView2\EBWebView\Default
2026-09-28 16:15:15.653: [INFO] Profiles total count: 1
2026-09-28 16:15:15.654: [INFO] Profile: name=Profile 1 path=C:\Users\ACER\Desktop\Viscillate\viscillateApp\build\Debug\viscillateApp.exe.WebView2\EBWebView\Default lastActive=2026-09-28T16:04:54.992Z
2026-09-28 16:15:15.654: [INFO] LastUsedProfileDir: C:\Users\ACER\Desktop\Viscillate\viscillateApp\build\Debug\viscillateApp.exe.WebView2\EBWebView\Default
2026-09-28 16:15:15.654: [INFO] MostRecentlyActiveProfile: name=Profile 1 path=C:\Users\ACER\Desktop\Viscillate\viscillateApp\build\Debug\viscillateApp.exe.WebView2\EBWebView\Default lastActive=2026-09-28T16:04:54.992Z
2026-09-28 16:15:15.654: [INFO] OnDoneLoading sync enabled: 0
2026-09-28 16:15:15.654: [INFO] BookmarkModelLoaded, ids_reassigned: 0
2026-09-28 16:15:15.654: [INFO] BookmarksLoadDropped droppedNodes=0
2026-09-28 16:15:15.654: [INFO] BookmarksSnapshot Startup total=0 bar=0 other=0 mobile=0 showBar=0 showBarNTP=1
2026-09-28 16:15:35.965: [INFO] BookmarksSnapshot Shutdown total=0 bar=0 other=0 mobile=0 showBar=0 showBarNTP=1
2026-09-28 16:15:49.439: [INFO] CurrentProfilePath: C:\Users\ACER\Desktop\Viscillate\viscillateApp\build\Debug\viscillateApp.exe.WebView2\EBWebView\Default
2026-09-28 16:15:49.439: [INFO] Profiles total count: 1
2026-09-28 16:15:49.439: [INFO] Profile: name=Profile 1 path=C:\Users\ACER\Desktop\Viscillate\viscillateApp\build\Debug\viscillateApp.exe.WebView2\EBWebView\Default lastActive=2026-09-28T16:04:54.992Z
2026-09-28 16:15:49.439: [INFO] LastUsedProfileDir: C:\Users\ACER\Desktop\Viscillate\viscillateApp\build\Debug\viscillateApp.exe.WebView2\EBWebView\Default
2026-09-28 16:15:49.439: [INFO] MostRecentlyActiveProfile: name=Profile 1 path=C:\Users\ACER\Desktop\Viscillate\viscillateApp\build\Debug\viscillateApp.exe.WebView2\EBWebView\Default lastActive=2026-09-28T16:04:54.992Z
2026-09-28 16:15:49.439: [INFO] OnDoneLoading sync enabled: 0
2026-09-28 16:15:49.439: [INFO] BookmarkModelLoaded, ids_reassigned: 0
2026-09-28 16:15:49.439: [INFO] BookmarksLoadDropped droppedNodes=0
2026-09-28 16:15:49.439: [INFO] BookmarksSnapshot Startup total=0 bar=0 other=0 mobile=0 showBar=0 showBarNTP=1
2026-09-28 16:15:54.269: [INFO] BookmarksSnapshot Shutdown total=0 bar=0 other=0 mobile=0 showBar=0 showBarNTP=1
2026-09-28 16:16:35.981: [INFO] CurrentProfilePath: C:\Users\ACER\Desktop\Viscillate\viscillateApp\build\Debug\viscillateApp.exe.WebView2\EBWebView\Default
2026-09-28 16:16:35.981: [INFO] Profiles total count: 1
2026-09-28 16:16:35.981: [INFO] Profile: name=Profile 1 path=C:\Users\ACER\Desktop\Viscillate\viscillateApp\build\Debug\viscillateApp.exe.WebView2\EBWebView\Default lastActive=2026-09-28T16:04:54.992Z
2026-09-28 16:16:35.981: [INFO] LastUsedProfileDir: C:\Users\ACER\Desktop\Viscillate\viscillateApp\build\Debug\viscillateApp.exe.WebView2\EBWebView\Default
2026-09-28 16:16:35.981: [INFO] MostRecentlyActiveProfile: name=Profile 1 path=C:\Users\ACER\Desktop\Viscillate\viscillateApp\build\Debug\viscillateApp.exe.WebView2\EBWebView\Default lastActive=2026-09-28T16:04:54.992Z
2026-09-28 16:16:35.981: [INFO] OnDoneLoading sync enabled: 0
2026-09-28 16:16:35.981: [INFO] BookmarkModelLoaded, ids_reassigned: 0
2026-09-28 16:16:35.981: [INFO] BookmarksLoadDropped droppedNodes=0
2026-09-28 16:16:35.981: [INFO] BookmarksSnapshot Startup total=0 bar=0 other=0 mobile=0 showBar=0 showBarNTP=1
2026-09-28 16:17:22.238: [INFO] BookmarksSnapshot Shutdown total=0 bar=0 other=0 mobile=0 showBar=0 showBarNTP=1
2026-09-28 16:20:24.655: [INFO] CurrentProfilePath: C:\Users\ACER\Desktop\Viscillate\viscillateApp\build\Debug\viscillateApp.exe.WebView2\EBWebView\Default
2026-09-28 16:20:24.656: [INFO] Profiles total count: 1
2026-09-28 16:20:24.656: [INFO] Profile: name=Profile 1 path=C:\Users\ACER\Desktop\Viscillate\viscillateApp\build\Debug\viscillateApp.exe.WebView2\EBWebView\Default lastActive=2026-09-28T16:16:49.947Z
2026-09-28 16:20:24.656: [INFO] LastUsedProfileDir: C:\Users\ACER\Desktop\Viscillate\viscillateApp\build\Debug\viscillateApp.exe.WebView2\EBWebView\Default
2026-09-28 16:20:24.656: [INFO] MostRecentlyActiveProfile: name=Profile 1 path=C:\Users\ACER\Desktop\Viscillate\viscillateApp\build\Debug\viscillateApp.exe.WebView2\EBWebView\Default lastActive=2026-09-28T16:16:49.947Z
2026-09-28 16:20:24.656: [INFO] OnDoneLoading sync enabled: 0
2026-09-28 16:20:24.656: [INFO] BookmarkModelLoaded, ids_reassigned: 0
2026-09-28 16:20:24.656: [INFO] BookmarksLoadDropped droppedNodes=0
2026-09-28 16:20:24.656: [INFO] BookmarksSnapshot Startup total=0 bar=0 other=0 mobile=0 showBar=0 showBarNTP=1
2026-09-28 16:20:30.371: [INFO] BookmarksSnapshot Shutdown total=0 bar=0 other=0 mobile=0 showBar=0 showBarNTP=1
2026-09-28 16:20:46.925: [INFO] CurrentProfilePath: C:\Users\ACER\Desktop\Viscillate\viscillateApp\build\Debug\viscillateApp.exe.WebView2\EBWebView\Default
2026-09-28 16:20:46.925: [INFO] Profiles total count: 1
2026-09-28 16:20:46.925: [INFO] Profile: name=Profile 1 path=C:\Users\ACER\Desktop\Viscillate\viscillateApp\build\Debug\viscillateApp.exe.WebView2\EBWebView\Default lastActive=2026-09-28T16:16:49.947Z
2026-09-28 16:20:46.925: [INFO] LastUsedProfileDir: C:\Users\ACER\Desktop\Viscillate\viscillateApp\build\Debug\viscillateApp.exe.WebView2\EBWebView\Default
2026-09-28 16:20:46.925: [INFO] MostRecentlyActiveProfile: name=Profile 1 path=C:\Users\ACER\Desktop\Viscillate\viscillateApp\build\Debug\viscillateApp.exe.WebView2\EBWebView\Default lastActive=2026-09-28T16:16:49.947Z
2026-09-28 16:20:46.925: [INFO] OnDoneLoading sync enabled: 0
2026-09-28 16:20:46.925: [INFO] BookmarkModelLoaded, ids_reassigned: 0
2026-09-28 16:20:46.925: [INFO] BookmarksLoadDropped droppedNodes=0
2026-09-28 16:20:46.925: [INFO] BookmarksSnapshot Startup total=0 bar=0 other=0 mobile=0 showBar=0 showBarNTP=1
2026-09-28 16:21:20.517: [INFO] BookmarksSnapshot Shutdown total=0 bar=0 other=0 mobile=0 showBar=0 showBarNTP=1
2026-09-28 16:22:34.964: [INFO] CurrentProfilePath: C:\Users\ACER\Desktop\Viscillate\viscillateApp\build\Debug\viscillateApp.exe.WebView2\EBWebView\Default
2026-09-28 16:22:34.964: [INFO] Profiles total count: 1
2026-09-28 16:22:34.964: [INFO] Profile: name=Profile 1 path=C:\Users\ACER\Desktop\Viscillate\viscillateApp\build\Debug\viscillateApp.exe.WebView2\EBWebView\Default lastActive=2026-09-28T16:16:49.947Z
2026-09-28 16:22:34.964: [INFO] LastUsedProfileDir: C:\Users\ACER\Desktop\Viscillate\viscillateApp\build\Debug\viscillateApp.exe.WebView2\EBWebView\Default
2026-09-28 16:22:34.964: [INFO] MostRecentlyActiveProfile: name=Profile 1 path=C:\Users\ACER\Desktop\Viscillate\viscillateApp\build\Debug\viscillateApp.exe.WebView2\EBWebView\Default lastActive=2026-09-28T16:16:49.947Z
2026-09-28 16:22:34.964: [INFO] OnDoneLoading sync enabled: 0
2026-09-28 16:22:34.964: [INFO] BookmarkModelLoaded, ids_reassigned: 0
2026-09-28 16:22:34.964: [INFO] BookmarksLoadDropped droppedNodes=0
2026-09-28 16:22:34.964: [INFO] BookmarksSnapshot Startup total=0 bar=0 other=0 mobile=0 showBar=0 showBarNTP=1
2026-09-28 16:23:03.249: [INFO] BookmarksSnapshot Shutdown total=0 bar=0 other=0 mobile=0 showBar=0 showBarNTP=1
2026-09-28 16:23:29.863: [INFO] CurrentProfilePath: C:\Users\ACER\Desktop\Viscillate\viscillateApp\build\Debug\viscillateApp.exe.WebView2\EBWebView\Default
2026-09-28 16:23:29.863: [INFO] Profiles total count: 1
2026-09-28 16:23:29.863: [INFO] Profile: name=Profile 1 path=C:\Users\ACER\Desktop\Viscillate\viscillateApp\build\Debug\viscillateApp.exe.WebView2\EBWebView\Default lastActive=2026-09-28T16:23:03.129Z
2026-09-28 16:23:29.863: [INFO] LastUsedProfileDir: C:\Users\ACER\Desktop\Viscillate\viscillateApp\build\Debug\viscillateApp.exe.WebView2\EBWebView\Default
2026-09-28 16:23:29.863: [INFO] MostRecentlyActiveProfile: name=Profile 1 path=C:\Users\ACER\Desktop\Viscillate\viscillateApp\build\Debug\viscillateApp.exe.WebView2\EBWebView\Default lastActive=2026-09-28T16:23:03.129Z
2026-09-28 16:23:29.863: [INFO] OnDoneLoading sync enabled: 0
2026-09-28 16:23:29.863: [INFO] BookmarkModelLoaded, ids_reassigned: 0
2026-09-28 16:23:29.863: [INFO] BookmarksLoadDropped droppedNodes=0
2026-09-28 16:23:29.864: [INFO] BookmarksSnapshot Startup total=0 bar=0 other=0 mobile=0 showBar=0 showBarNTP=1
2026-09-28 16:23:45.536: [INFO] BookmarksSnapshot Shutdown total=0 bar=0 other=0 mobile=0 showBar=0 showBarNTP=1
2026-09-28 16:23:58.275: [INFO] CurrentProfilePath: C:\Users\ACER\Desktop\Viscillate\viscillateApp\build\Debug\viscillateApp.exe.WebView2\EBWebView\Default
2026-09-28 16:23:58.275: [INFO] Profiles total count: 1
2026-09-28 16:23:58.275: [INFO] Profile: name=Profile 1 path=C:\Users\ACER\Desktop\Viscillate\viscillateApp\build\Debug\viscillateApp.exe.WebView2\EBWebView\Default lastActive=2026-09-28T16:23:45.439Z
2026-09-28 16:23:58.275: [INFO] LastUsedProfileDir: C:\Users\ACER\Desktop\Viscillate\viscillateApp\build\Debug\viscillateApp.exe.WebView2\EBWebView\Default
2026-09-28 16:23:58.275: [INFO] MostRecentlyActiveProfile: name=Profile 1 path=C:\Users\ACER\Desktop\Viscillate\viscillateApp\build\Debug\viscillateApp.exe.WebView2\EBWebView\Default lastActive=2026-09-28T16:23:45.439Z
2026-09-28 16:23:58.275: [INFO] OnDoneLoading sync enabled: 0
2026-09-28 16:23:58.275: [INFO] BookmarkModelLoaded, ids_reassigned: 0
2026-09-28 16:23:58.275: [INFO] BookmarksLoadDropped droppedNodes=0
2026-09-28 16:23:58.275: [INFO] BookmarksSnapshot Startup total=0 bar=0 other=0 mobile=0 showBar=0 showBarNTP=1
2026-09-28 16:24:12.664: [INFO] BookmarksSnapshot Shutdown total=0 bar=0 other=0 mobile=0 showBar=0 showBarNTP=1
2026-09-28 16:24:19.503: [INFO] CurrentProfilePath: C:\Users\ACER\Desktop\Viscillate\viscillateApp\build\Debug\viscillateApp.exe.WebView2\EBWebView\Default
2026-09-28 16:24:19.503: [INFO] Profiles total count: 1
2026-09-28 16:24:19.503: [INFO] Profile: name=Profile 1 path=C:\Users\ACER\Desktop\Viscillate\viscillateApp\build\Debug\viscillateApp.exe.WebView2\EBWebView\Default lastActive=2026-09-28T16:24:08.670Z
2026-09-28 16:24:19.503: [INFO] LastUsedProfileDir: C:\Users\ACER\Desktop\Viscillate\viscillateApp\build\Debug\viscillateApp.exe.WebView2\EBWebView\Default
2026-09-28 16:24:19.503: [INFO] MostRecentlyActiveProfile: name=Profile 1 path=C:\Users\ACER\Desktop\Viscillate\viscillateApp\build\Debug\viscillateApp.exe.WebView2\EBWebView\Default lastActive=2026-09-28T16:24:08.670Z
2026-09-28 16:24:19.503: [INFO] OnDoneLoading sync enabled: 0
2026-09-28 16:24:19.503: [INFO] BookmarkModelLoaded, ids_reassigned: 0
2026-09-28 16:24:19.503: [INFO] BookmarksLoadDropped droppedNodes=0
2026-09-28 16:24:19.503: [INFO] BookmarksSnapshot Startup total=0 bar=0 other=0 mobile=0 showBar=0 showBarNTP=1
2026-09-28 16:24:30.420: [INFO] BookmarksSnapshot Shutdown total=0 bar=0 other=0 mobile=0 showBar=0 showBarNTP=1
